SQL> select * from show where ename='JAMES';

     EMPNO ENAME      JOB              MGR HIREDATE         SAL       COMM
---------- ---------- --------- ---------- --------- ---------- ----------
    DEPTNO
----------
      7900 JAMES      CLERK           7698 03-DEC-81        950
        30


SQL> SELECT * FAROM SHOW WHERE JOB='MANAGER' AND LENGTH(ENAME)=5;
SELECT * FAROM SHOW WHERE JOB='MANAGER' AND LENGTH(ENAME)=5
         *
ERROR at line 1:
ORA-00923: FROM keyword not found where expected


SQL> SELECT *FROM SHOW WHERE JOB='MANAGER' AND LENGTH(ENAME)=5;

     EMPNO ENAME      JOB              MGR HIREDATE         SAL       COMM
---------- ---------- --------- ---------- --------- ---------- ----------
    DEPTNO
----------
      7698 BLAKE      MANAGER         7839 01-MAY-81       2850
        30

      7782 CLARK      MANAGER         7839 09-JUN-81       2450
        10

      7566 JONES      MANAGER         7839 02-APR-81       2975
        20


SQL> SELECT * FROM SHOW WHERE JOB= IN('MANAGER','CLERK') AND DEPTNO=10;
SELECT * FROM SHOW WHERE JOB= IN('MANAGER','CLERK') AND DEPTNO=10
                              *
ERROR at line 1:
ORA-00936: missing expression


SQL> SELECT * FROM SHOW WHERE JOB IN('MANAGER','CLERK') AND DEPTNO=10;

     EMPNO ENAME      JOB              MGR HIREDATE         SAL       COMM
---------- ---------- --------- ---------- --------- ---------- ----------
    DEPTNO
----------
      7782 CLARK      MANAGER         7839 09-JUN-81       2450
        10

      7934 MILLER     CLERK           7782 23-JAN-82       1300
        10


SQL> SELECT * FROM SHOW WHERE JOB IN ('MANAGER','SALESMAN') AND SAL>1500;

     EMPNO ENAME      JOB              MGR HIREDATE         SAL       COMM
---------- ---------- --------- ---------- --------- ---------- ----------
    DEPTNO
----------
      7698 BLAKE      MANAGER         7839 01-MAY-81       2850
        30

      7782 CLARK      MANAGER         7839 09-JUN-81       2450
        10

      7566 JONES      MANAGER         7839 02-APR-81       2975
        20


     EMPNO ENAME      JOB              MGR HIREDATE         SAL       COMM
---------- ---------- --------- ---------- --------- ---------- ----------
    DEPTNO
----------
      7499 ALLEN      SALESMAN        7698 20-FEB-81       1600        300
        30

SQL> SELECT LOC FROM SHOW E,DEPT D WHERE E.ENAME='SMITH' AND E.DEPTNO=D.DEPTNO;

LOC
-------------

DALLAS

SQL> SELECT  * FROM SHOW WHERE SAL > (SELECT SAL FROM SHOW WHERE ENAME = 'BLAKE');

     EMPNO ENAME      JOB              MGR HIREDATE         SAL       COMM
---------- ---------- --------- ---------- --------- ---------- ----------
    DEPTNO
----------
      7839 KING       PRESIDENT            17-NOV-81       5000
        10

      7566 JONES      MANAGER         7839 02-APR-81       2975
        20

      7788 SCOTT      ANALYST         7566 19-APR-87       3000
        20


     EMPNO ENAME      JOB              MGR HIREDATE         SAL       COMM
---------- ---------- --------- ---------- --------- ---------- ----------
    DEPTNO
----------
      7902 FORD       ANALYST         7566 03-DEC-81       3000
        20


SQL> SELECT * FROM SHOW WHERE JOB = ( SELECT JOB FROM SHOW WHERE ENAME = 'ALLEN');

     EMPNO ENAME      JOB              MGR HIREDATE         SAL       COMM
---------- ---------- --------- ---------- --------- ---------- ----------
    DEPTNO
----------
      7499 ALLEN      SALESMAN        7698 20-FEB-81       1600        300
        30

      7521 WARD       SALESMAN        7698 22-FEB-81       1250        500
        30

      7654 MARTIN     SALESMAN        7698 28-SEP-81       1250       1400
        30


     EMPNO ENAME      JOB              MGR HIREDATE         SAL       COMM
---------- ---------- --------- ---------- --------- ---------- ----------
    DEPTNO
----------
      7844 TURNER     SALESMAN        7698 08-SEP-81       1500          0
        30


SQL> SELECT * FROM SHOW WHERE HIREDATE < (SELCET HIREDATE FROM SHOW WHERE ENAME= 'KING
SELECT * FROM SHOW WHERE HIREDATE < (SELCET HIREDATE FROM SHOW WHERE ENAME= 'KING')
                                            *
ERROR at line 1:
ORA-00907: missing right parenthesis


SQL> SELECT * FROM SHOW WHERE HIREDATE < (SELECT HIREDATE FROM SHOW WHERE ENAME = 'KIN

     EMPNO ENAME      JOB              MGR HIREDATE         SAL       COMM
---------- ---------- --------- ---------- --------- ---------- ----------
    DEPTNO
----------
      7698 BLAKE      MANAGER         7839 01-MAY-81       2850
        30

      7782 CLARK      MANAGER         7839 09-JUN-81       2450
        10

      7566 JONES      MANAGER         7839 02-APR-81       2975
        20


     EMPNO ENAME      JOB              MGR HIREDATE         SAL       COMM
---------- ---------- --------- ---------- --------- ---------- ----------
    DEPTNO
----------
      7369 SMITH      CLERK           7902 17-DEC-80        800
        20

      7499 ALLEN      SALESMAN        7698 20-FEB-81       1600        300
        30

      7521 WARD       SALESMAN        7698 22-FEB-81       1250        500
        30


     EMPNO ENAME      JOB              MGR HIREDATE         SAL       COMM
---------- ---------- --------- ---------- --------- ---------- ----------
    DEPTNO
----------
      7654 MARTIN     SALESMAN        7698 28-SEP-81       1250       1400
        30

      7844 TURNER     SALESMAN        7698 08-SEP-81       1500          0
        30


8 rows selected.

SQL> COMMIT;

Commit complete.
